// Jest Snapshot v1, https://goo.gl/fbAQLP

exports[`Component: EpicDetail ui 1`] = `
<div
  className="bg-white h-100 border-top border-right border-bottom py-1 shadow"
>
  <div
    className="d-flex align-items-center border-bottom"
  >
    <Icon
      className="text-muted py-2 px-1"
      icon="close"
      onClick={[MockFunction]}
    />
    <span
      className="text-muted"
    >
      Close
    </span>
  </div>
  <div
    className="p-2"
  >
    <Component />
  </div>
</div>
`;
