// Jest Snapshot v1, https://goo.gl/fbAQLP

exports[`Component: EpicDetail ui 1`] = `
<div>
  <div
    class="bg-white h-100 border-top border-end border-bottom py-1 shadow"
  >
    <div
      class="d-flex align-items-center border-bottom"
    >
      <i
        class="icon text-muted py-2 px-1 material-icons clickable"
      >
        close
      </i>
      <span
        class="text-muted"
      >
        Close
      </span>
    </div>
    <div
      class="p-2"
    >
      <h1>
        children
      </h1>
    </div>
  </div>
</div>
`;
