// Vitest Snapshot v1

exports[`Component: Pager > ui > normal 1`] = `
<div>
  <div
    class="pager"
  >
    <span
      class="button d-inline-block me-1 primary"
    >
      <button
        class="btn btn-outline-primary btn-md"
        type="button"
      >
        <div
          class="d-flex justify-content-center align-items-center"
        >
          <i
            class="icon button-icon me-2 material-icons"
          >
            arrow_back
          </i>
          Previous
        </div>
      </button>
    </span>
    <span
      class="button d-inline-block pager-next primary"
    >
      <button
        class="btn btn-outline-primary btn-md"
        type="button"
      >
        <div
          class="d-flex justify-content-center align-items-center"
        >
          Next
          <i
            class="icon button-icon ms-2 material-icons"
          >
            arrow_forward
          </i>
        </div>
      </button>
    </span>
  </div>
</div>
`;
