// Jest Snapshot v1, https://goo.gl/fbAQLP

exports[`Component: DateTimeInput ui: Component: DateTimeInput => ui 1`] = `
<FormGroup
  className="date-time-input "
  color="success"
  tag="div"
>
  <Label
    for="birthDate"
    tag="label"
    widths={
      Array [
        "xs",
        "sm",
        "md",
        "lg",
        "xl",
      ]
    }
  >
    Birthdate
     
    <span
      className="date-time-input-format text-muted"
    >
      (
      YYYY-MM-DD HH:mm:ss
      )
    </span>
  </Label>
  <DateTime
    className=""
    closeOnSelect={true}
    closeOnTab={true}
    dateFormat="YYYY-MM-DD"
    defaultValue=""
    input={true}
    inputProps={
      Object {
        "mask": Array [
          /\\\\d/,
          /\\\\d/,
          /\\\\d/,
          /\\\\d/,
          "-",
          /\\\\d/,
          /\\\\d/,
          "-",
          /\\\\d/,
          /\\\\d/,
          " ",
          /\\\\d/,
          /\\\\d/,
          ":",
          /\\\\d/,
          /\\\\d/,
          ":",
          /\\\\d/,
          /\\\\d/,
        ],
        "placeholder": "Please enter your birthdate",
        "valid": true,
      }
    }
    isValidDate={[Function]}
    onBlur={[Function]}
    onChange={[Function]}
    onFocus={[MockFunction]}
    onNavigateBack={[Function]}
    onNavigateForward={[Function]}
    onViewModeChange={[Function]}
    renderInput={[Function]}
    strictParsing={true}
    timeConstraints={Object {}}
    timeFormat="HH:mm:ss"
    utc={false}
    value={2000-01-01T11:30:40.000Z}
  />
  Some error
</FormGroup>
`;

exports[`MaskedInputWrapper: maskedInput 1`] = `
<Input
  id={10}
  innerRef={[Function]}
  onBlur={[Function]}
  onChange={[Function]}
  type="text"
/>
`;
