// Jest Snapshot v1, https://goo.gl/fbAQLP

exports[`Component: OrSeparator ui default 1`] = `
<div>
  <div
    class="my-2 px-5 d-flex align-items-center"
  >
    <div
      class="border-top flex-grow-1 position-relative"
    />
    <em
      class="mx-2"
    >
      OR
    </em>
    <div
      class="border-top flex-grow-1 position-relative"
    />
  </div>
</div>
`;
