// Jest Snapshot v1, https://goo.gl/fbAQLP

exports[`Component: Debug ui 1`] = `
<div>
  <div
    class="my-2 card"
  >
    <div
      class="d-flex justify-content-between align-content-center clickable card-header"
    >
      DEBUG
      <i
        class="icon material-icons material-icons__filled open-close is-open"
      >
        expand_more
      </i>
    </div>
    <pre>
      {
  "property": "test"
}
    </pre>
  </div>
</div>
`;
