// Jest Snapshot v1, https://goo.gl/fbAQLP

exports[`Component: RadioGroup ui default 1`] = `
<div>
  <fieldset
    class="radio-group  mb-3"
  >
    <div
      class="form-check"
    >
      <label
        class="form-check-label"
      >
        <input
          checked=""
          class="form-check-input"
          type="radio"
          value="admin@42.nl"
        />
         
        admin@42.nl
      </label>
    </div>
    <div
      class="form-check"
    >
      <label
        class="form-check-label"
      >
        <input
          class="form-check-input"
          type="radio"
          value="coordinator@42.nl"
        />
         
        coordinator@42.nl
      </label>
    </div>
    <div
      class="form-check"
    >
      <label
        class="form-check-label"
      >
        <input
          class="form-check-input"
          type="radio"
          value="user@42.nl"
        />
         
        user@42.nl
      </label>
    </div>
    Some error
  </fieldset>
</div>
`;

exports[`Component: RadioGroup ui loading 1`] = `
<div>
  <fieldset
    class="radio-group  mb-3"
  >
    <div
      class="d-flex"
    >
      <svg
        class="spinner align-self-center"
        height="16"
        viewBox="25 25 50 50"
        width="16"
      >
        <circle
          class="path"
          cx="50"
          cy="50"
          fill="none"
          r="20"
          stroke="black"
          stroke-miterlimit="10"
          stroke-width="4"
        />
      </svg>
      <span
        class="ms-1"
      >
        Loading...
      </span>
    </div>
    Some error
  </fieldset>
</div>
`;
