// Vitest Snapshot v1

exports[`Component: SearchInput > ui > default 1`] = `
<div>
  <div
    class="search-input"
  >
    <div
      class="input-group"
    >
      <span
        class="input-group-text"
      >
        <i
          class="icon material-icons"
        >
          search
        </i>
      </span>
      <input
        aria-label="Search"
        class="form-control"
        defaultvalue=""
        id="search"
        placeholder="Search..."
        type="search"
      />
    </div>
  </div>
</div>
`;
