// Jest Snapshot v1, https://goo.gl/fbAQLP

exports[`Component: ErrorBoundary ui with error 1`] = `
<div>
  <div
    class="text-center"
  >
    <div
      class="content-state error"
    >
      <div
        class="state-icons"
      >
        <i
          class="icon material-icons material-icons__filled"
        >
          add
        </i>
        <i
          class="icon material-icons material-icons__filled"
        >
          contrast
        </i>
        <i
          class="icon material-icons material-icons__filled"
        >
          photo
        </i>
        <i
          class="icon material-icons material-icons__filled"
        >
          folder_open
        </i>
        <i
          class="icon material-icons material-icons__filled"
        >
          radio_button_unchecked
        </i>
        <i
          class="icon material-icons material-icons__filled"
        >
          bolt
        </i>
      </div>
      <div
        class="state-content"
      >
        <i
          class="icon material-icons material-icons__filled"
        >
          sentiment_very_dissatisfied
        </i>
      </div>
    </div>
    <span
      class="d-block fs-4"
    >
      Oops something went wrong!
    </span>
  </div>
</div>
`;

exports[`Component: ErrorBoundary ui without error 1`] = `
<div>
  Here is some content without an error
</div>
`;
