// Jest Snapshot v1, https://goo.gl/fbAQLP

exports[`Component: CardOpenClose ui open 1`] = `
<div>
  <div
    class="my-2 card"
  >
    <div
      class="d-flex justify-content-between align-content-center clickable card-header"
      role="button"
      tabindex="0"
    >
      click this
      <i
        class="icon material-icons material-icons__filled open-close is-open"
      >
        expand_more
      </i>
    </div>
    <p>
      This is collapsable content
    </p>
  </div>
</div>
`;
