// Vitest Snapshot v1

exports[`Component: CardOpenClose > ui > open 1`] = `
<div>
  <div
    class="my-2 card"
  >
    <div
      class="d-flex justify-content-between align-content-center clickable card-header"
    >
      click this
      <i
        class="icon open-close is-open material-icons"
      >
        expand_more
      </i>
    </div>
    <p>
      This is collapsable content
    </p>
  </div>
</div>
`;
