// Jest Snapshot v1, https://goo.gl/fbAQLP

exports[`Component: NavigationItem ui 1`] = `
<NavItem
  className="navigation-item"
  tag="li"
>
  <NavLink
    activeClassName="active"
    exact={true}
    tag={
      Object {
        "$$typeof": Symbol(react.forward_ref),
        "render": [Function],
      }
    }
    to="/dashboard"
  >
    <Icon
      className="me-3 align-bottom"
      icon="dashboard"
    />
    Dashboard
  </NavLink>
</NavItem>
`;
