// Vitest Snapshot v1

exports[`Component: NavigationItem > ui > default 1`] = `
<div>
  <li
    class="navigation-item nav-item"
  >
    <a
      class="nav-link"
      href="[object Object]"
    >
      <i
        class="icon me-3 align-bottom material-icons"
      >
        dashboard
      </i>
      Dashboard
    </a>
  </li>
</div>
`;
