// Jest Snapshot v1, https://goo.gl/fbAQLP

exports[`Component: NavigationItem ui default 1`] = `
<div>
  <li
    class="navigation-item nav-item"
  >
    <a
      class="nav-link"
      data-discover="true"
      href="[object Object]"
    >
      <i
        class="icon material-icons material-icons__filled me-3 align-bottom"
      >
        dashboard
      </i>
      Dashboard
    </a>
  </li>
</div>
`;
