// Jest Snapshot v1, https://goo.gl/fbAQLP

exports[`Component: DateTimeModal ui default 1`] = `
<div
  style="position: relative; z-index: 1050; display: block;"
  tabindex="-1"
>
  <div
    class=""
  >
    <div
      class="modal fade"
      role="dialog"
      style="display: block;"
      tabindex="-1"
    >
      <div
        class="modal-dialog date-time-modal modal-sm"
        role="document"
      >
        <div
          class="modal-content"
        >
          <form>
            <div
              class="modal-body"
            >
              <div
                class="rdt rdtStatic rdtOpen"
              >
                <div
                  class="rdtPicker"
                >
                  <div
                    class="rdtDays"
                  >
                    <table>
                      <thead>
                        <tr>
                          <th
                            class="rdtPrev"
                          >
                            <span>
                              ‹
                            </span>
                          </th>
                          <th
                            class="rdtSwitch"
                            colspan="5"
                            data-value="1"
                          >
                            February 2020
                          </th>
                          <th
                            class="rdtNext"
                          >
                            <span>
                              ›
                            </span>
                          </th>
                        </tr>
                        <tr>
                          <th
                            class="dow"
                          >
                            Su
                          </th>
                          <th
                            class="dow"
                          >
                            Mo
                          </th>
                          <th
                            class="dow"
                          >
                            Tu
                          </th>
                          <th
                            class="dow"
                          >
                            We
                          </th>
                          <th
                            class="dow"
                          >
                            Th
                          </th>
                          <th
                            class="dow"
                          >
                            Fr
                          </th>
                          <th
                            class="dow"
                          >
                            Sa
                          </th>
                        </tr>
                      </thead>
                      <tbody>
                        <tr>
                          <td
                            class="rdtDay rdtOld"
                            data-month="0"
                            data-value="26"
                            data-year="2020"
                          >
                            26
                          </td>
                          <td
                            class="rdtDay rdtOld"
                            data-month="0"
                            data-value="27"
                            data-year="2020"
                          >
                            27
                          </td>
                          <td
                            class="rdtDay rdtOld"
                            data-month="0"
                            data-value="28"
                            data-year="2020"
                          >
                            28
                          </td>
                          <td
                            class="rdtDay rdtOld"
                            data-month="0"
                            data-value="29"
                            data-year="2020"
                          >
                            29
                          </td>
                          <td
                            class="rdtDay rdtOld"
                            data-month="0"
                            data-value="30"
                            data-year="2020"
                          >
                            30
                          </td>
                          <td
                            class="rdtDay rdtOld"
                            data-month="0"
                            data-value="31"
                            data-year="2020"
                          >
                            31
                          </td>
                          <td
                            class="rdtDay rdtActive"
                            data-month="1"
                            data-value="1"
                            data-year="2020"
                          >
                            1
                          </td>
                        </tr>
                        <tr>
                          <td
                            class="rdtDay"
                            data-month="1"
                            data-value="2"
                            data-year="2020"
                          >
                            2
                          </td>
                          <td
                            class="rdtDay"
                            data-month="1"
                            data-value="3"
                            data-year="2020"
                          >
                            3
                          </td>
                          <td
                            class="rdtDay"
                            data-month="1"
                            data-value="4"
                            data-year="2020"
                          >
                            4
                          </td>
                          <td
                            class="rdtDay"
                            data-month="1"
                            data-value="5"
                            data-year="2020"
                          >
                            5
                          </td>
                          <td
                            class="rdtDay"
                            data-month="1"
                            data-value="6"
                            data-year="2020"
                          >
                            6
                          </td>
                          <td
                            class="rdtDay"
                            data-month="1"
                            data-value="7"
                            data-year="2020"
                          >
                            7
                          </td>
                          <td
                            class="rdtDay"
                            data-month="1"
                            data-value="8"
                            data-year="2020"
                          >
                            8
                          </td>
                        </tr>
                        <tr>
                          <td
                            class="rdtDay"
                            data-month="1"
                            data-value="9"
                            data-year="2020"
                          >
                            9
                          </td>
                          <td
                            class="rdtDay"
                            data-month="1"
                            data-value="10"
                            data-year="2020"
                          >
                            10
                          </td>
                          <td
                            class="rdtDay"
                            data-month="1"
                            data-value="11"
                            data-year="2020"
                          >
                            11
                          </td>
                          <td
                            class="rdtDay"
                            data-month="1"
                            data-value="12"
                            data-year="2020"
                          >
                            12
                          </td>
                          <td
                            class="rdtDay"
                            data-month="1"
                            data-value="13"
                            data-year="2020"
                          >
                            13
                          </td>
                          <td
                            class="rdtDay"
                            data-month="1"
                            data-value="14"
                            data-year="2020"
                          >
                            14
                          </td>
                          <td
                            class="rdtDay"
                            data-month="1"
                            data-value="15"
                            data-year="2020"
                          >
                            15
                          </td>
                        </tr>
                        <tr>
                          <td
                            class="rdtDay"
                            data-month="1"
                            data-value="16"
                            data-year="2020"
                          >
                            16
                          </td>
                          <td
                            class="rdtDay"
                            data-month="1"
                            data-value="17"
                            data-year="2020"
                          >
                            17
                          </td>
                          <td
                            class="rdtDay"
                            data-month="1"
                            data-value="18"
                            data-year="2020"
                          >
                            18
                          </td>
                          <td
                            class="rdtDay"
                            data-month="1"
                            data-value="19"
                            data-year="2020"
                          >
                            19
                          </td>
                          <td
                            class="rdtDay"
                            data-month="1"
                            data-value="20"
                            data-year="2020"
                          >
                            20
                          </td>
                          <td
                            class="rdtDay"
                            data-month="1"
                            data-value="21"
                            data-year="2020"
                          >
                            21
                          </td>
                          <td
                            class="rdtDay"
                            data-month="1"
                            data-value="22"
                            data-year="2020"
                          >
                            22
                          </td>
                        </tr>
                        <tr>
                          <td
                            class="rdtDay"
                            data-month="1"
                            data-value="23"
                            data-year="2020"
                          >
                            23
                          </td>
                          <td
                            class="rdtDay"
                            data-month="1"
                            data-value="24"
                            data-year="2020"
                          >
                            24
                          </td>
                          <td
                            class="rdtDay"
                            data-month="1"
                            data-value="25"
                            data-year="2020"
                          >
                            25
                          </td>
                          <td
                            class="rdtDay"
                            data-month="1"
                            data-value="26"
                            data-year="2020"
                          >
                            26
                          </td>
                          <td
                            class="rdtDay"
                            data-month="1"
                            data-value="27"
                            data-year="2020"
                          >
                            27
                          </td>
                          <td
                            class="rdtDay"
                            data-month="1"
                            data-value="28"
                            data-year="2020"
                          >
                            28
                          </td>
                          <td
                            class="rdtDay"
                            data-month="1"
                            data-value="29"
                            data-year="2020"
                          >
                            29
                          </td>
                        </tr>
                        <tr>
                          <td
                            class="rdtDay rdtNew"
                            data-month="2"
                            data-value="1"
                            data-year="2020"
                          >
                            1
                          </td>
                          <td
                            class="rdtDay rdtNew"
                            data-month="2"
                            data-value="2"
                            data-year="2020"
                          >
                            2
                          </td>
                          <td
                            class="rdtDay rdtNew"
                            data-month="2"
                            data-value="3"
                            data-year="2020"
                          >
                            3
                          </td>
                          <td
                            class="rdtDay rdtNew"
                            data-month="2"
                            data-value="4"
                            data-year="2020"
                          >
                            4
                          </td>
                          <td
                            class="rdtDay rdtNew"
                            data-month="2"
                            data-value="5"
                            data-year="2020"
                          >
                            5
                          </td>
                          <td
                            class="rdtDay rdtNew"
                            data-month="2"
                            data-value="6"
                            data-year="2020"
                          >
                            6
                          </td>
                          <td
                            class="rdtDay rdtNew"
                            data-month="2"
                            data-value="7"
                            data-year="2020"
                          >
                            7
                          </td>
                        </tr>
                      </tbody>
                      <tfoot>
                        <tr>
                          <td
                            class="rdtTimeToggle"
                            colspan="7"
                          >
                            00:II:00
                          </td>
                        </tr>
                      </tfoot>
                    </table>
                  </div>
                </div>
              </div>
            </div>
            <div
              class="modal-footer"
            >
              <span
                class="button d-inline-block ms-1 secondary"
              >
                <button
                  class="btn btn-secondary btn-md"
                  type="button"
                >
                  <div
                    class="d-flex justify-content-center align-items-center"
                  >
                    <i
                      class="icon button-icon me-2 material-icons"
                    >
                      cancel
                    </i>
                    Cancel
                  </div>
                </button>
              </span>
              <span
                class="button d-inline-block ms-1 primary"
              >
                <button
                  class="btn btn-primary btn-md"
                  type="submit"
                >
                  <div
                    class="d-flex justify-content-center align-items-center"
                  >
                    <i
                      class="icon button-icon me-2 material-icons"
                    >
                      save
                    </i>
                    Select
                  </div>
                </button>
              </span>
            </div>
          </form>
        </div>
      </div>
    </div>
    <div
      class="modal-backdrop fade"
    />
  </div>
</div>
`;
