// Jest Snapshot v1, https://goo.gl/fbAQLP

exports[`Component: DateTimeModal ui default 1`] = `
<div
  style="position: relative; z-index: 1050; display: block;"
  tabindex="-1"
>
  <div
    class=""
  >
    <div
      class="modal fade"
      role="dialog"
      style="display: block;"
      tabindex="-1"
    >
      <div
        class="modal-dialog date-time-modal modal-md"
        role="document"
      >
        <div
          class="modal-content"
        >
          <div
            class="modal-body"
          >
            <div>
              <div
                class="react-datepicker"
              >
                <div
                  class="react-datepicker__triangle"
                />
                <div
                  class="react-datepicker__month-container"
                >
                  <div
                    class="react-datepicker__header react-datepicker__header--custom"
                  >
                    <div
                      class="react-datepicker__day-names"
                    >
                      <div
                        class="react-datepicker__day-name"
                      >
                        #
                      </div>
                      <div
                        class="react-datepicker__day-name"
                      >
                        Su
                      </div>
                      <div
                        class="react-datepicker__day-name"
                      >
                        Mo
                      </div>
                      <div
                        class="react-datepicker__day-name"
                      >
                        Tu
                      </div>
                      <div
                        class="react-datepicker__day-name"
                      >
                        We
                      </div>
                      <div
                        class="react-datepicker__day-name"
                      >
                        Th
                      </div>
                      <div
                        class="react-datepicker__day-name"
                      >
                        Fr
                      </div>
                      <div
                        class="react-datepicker__day-name"
                      >
                        Sa
                      </div>
                    </div>
                  </div>
                  <div
                    aria-label="month  2020-02"
                    class="react-datepicker__month"
                    role="listbox"
                  >
                    <div
                      class="react-datepicker__week"
                    >
                      <div
                        aria-label="week  4"
                        class="react-datepicker__week-number"
                      >
                        4
                      </div>
                      <div
                        aria-disabled="false"
                        aria-label="Choose Sunday, January 26th, 2020"
                        aria-selected="false"
                        class="react-datepicker__day react-datepicker__day--026 react-datepicker__day--weekend react-datepicker__day--outside-month"
                        role="option"
                        tabindex="-1"
                      >
                        26
                      </div>
                      <div
                        aria-disabled="false"
                        aria-label="Choose Monday, January 27th, 2020"
                        aria-selected="false"
                        class="react-datepicker__day react-datepicker__day--027 react-datepicker__day--outside-month"
                        role="option"
                        tabindex="-1"
                      >
                        27
                      </div>
                      <div
                        aria-disabled="false"
                        aria-label="Choose Tuesday, January 28th, 2020"
                        aria-selected="false"
                        class="react-datepicker__day react-datepicker__day--028 react-datepicker__day--outside-month"
                        role="option"
                        tabindex="-1"
                      >
                        28
                      </div>
                      <div
                        aria-disabled="false"
                        aria-label="Choose Wednesday, January 29th, 2020"
                        aria-selected="false"
                        class="react-datepicker__day react-datepicker__day--029 react-datepicker__day--outside-month"
                        role="option"
                        tabindex="-1"
                      >
                        29
                      </div>
                      <div
                        aria-disabled="false"
                        aria-label="Choose Thursday, January 30th, 2020"
                        aria-selected="false"
                        class="react-datepicker__day react-datepicker__day--030 react-datepicker__day--outside-month"
                        role="option"
                        tabindex="-1"
                      >
                        30
                      </div>
                      <div
                        aria-disabled="false"
                        aria-label="Choose Friday, January 31st, 2020"
                        aria-selected="false"
                        class="react-datepicker__day react-datepicker__day--031 react-datepicker__day--outside-month"
                        role="option"
                        tabindex="-1"
                      >
                        31
                      </div>
                      <div
                        aria-disabled="false"
                        aria-label="Choose Saturday, February 1st, 2020"
                        aria-selected="true"
                        class="react-datepicker__day react-datepicker__day--001 react-datepicker__day--selected react-datepicker__day--weekend"
                        role="option"
                        tabindex="0"
                      >
                        1
                      </div>
                    </div>
                    <div
                      class="react-datepicker__week"
                    >
                      <div
                        aria-label="week  5"
                        class="react-datepicker__week-number"
                      >
                        5
                      </div>
                      <div
                        aria-disabled="false"
                        aria-label="Choose Sunday, February 2nd, 2020"
                        aria-selected="false"
                        class="react-datepicker__day react-datepicker__day--002 react-datepicker__day--weekend"
                        role="option"
                        tabindex="-1"
                      >
                        2
                      </div>
                      <div
                        aria-disabled="false"
                        aria-label="Choose Monday, February 3rd, 2020"
                        aria-selected="false"
                        class="react-datepicker__day react-datepicker__day--003"
                        role="option"
                        tabindex="-1"
                      >
                        3
                      </div>
                      <div
                        aria-disabled="false"
                        aria-label="Choose Tuesday, February 4th, 2020"
                        aria-selected="false"
                        class="react-datepicker__day react-datepicker__day--004"
                        role="option"
                        tabindex="-1"
                      >
                        4
                      </div>
                      <div
                        aria-disabled="false"
                        aria-label="Choose Wednesday, February 5th, 2020"
                        aria-selected="false"
                        class="react-datepicker__day react-datepicker__day--005"
                        role="option"
                        tabindex="-1"
                      >
                        5
                      </div>
                      <div
                        aria-disabled="false"
                        aria-label="Choose Thursday, February 6th, 2020"
                        aria-selected="false"
                        class="react-datepicker__day react-datepicker__day--006"
                        role="option"
                        tabindex="-1"
                      >
                        6
                      </div>
                      <div
                        aria-disabled="false"
                        aria-label="Choose Friday, February 7th, 2020"
                        aria-selected="false"
                        class="react-datepicker__day react-datepicker__day--007"
                        role="option"
                        tabindex="-1"
                      >
                        7
                      </div>
                      <div
                        aria-disabled="false"
                        aria-label="Choose Saturday, February 8th, 2020"
                        aria-selected="false"
                        class="react-datepicker__day react-datepicker__day--008 react-datepicker__day--weekend"
                        role="option"
                        tabindex="-1"
                      >
                        8
                      </div>
                    </div>
                    <div
                      class="react-datepicker__week"
                    >
                      <div
                        aria-label="week  6"
                        class="react-datepicker__week-number"
                      >
                        6
                      </div>
                      <div
                        aria-disabled="false"
                        aria-label="Choose Sunday, February 9th, 2020"
                        aria-selected="false"
                        class="react-datepicker__day react-datepicker__day--009 react-datepicker__day--weekend"
                        role="option"
                        tabindex="-1"
                      >
                        9
                      </div>
                      <div
                        aria-disabled="false"
                        aria-label="Choose Monday, February 10th, 2020"
                        aria-selected="false"
                        class="react-datepicker__day react-datepicker__day--010"
                        role="option"
                        tabindex="-1"
                      >
                        10
                      </div>
                      <div
                        aria-disabled="false"
                        aria-label="Choose Tuesday, February 11th, 2020"
                        aria-selected="false"
                        class="react-datepicker__day react-datepicker__day--011"
                        role="option"
                        tabindex="-1"
                      >
                        11
                      </div>
                      <div
                        aria-disabled="false"
                        aria-label="Choose Wednesday, February 12th, 2020"
                        aria-selected="false"
                        class="react-datepicker__day react-datepicker__day--012"
                        role="option"
                        tabindex="-1"
                      >
                        12
                      </div>
                      <div
                        aria-disabled="false"
                        aria-label="Choose Thursday, February 13th, 2020"
                        aria-selected="false"
                        class="react-datepicker__day react-datepicker__day--013"
                        role="option"
                        tabindex="-1"
                      >
                        13
                      </div>
                      <div
                        aria-disabled="false"
                        aria-label="Choose Friday, February 14th, 2020"
                        aria-selected="false"
                        class="react-datepicker__day react-datepicker__day--014"
                        role="option"
                        tabindex="-1"
                      >
                        14
                      </div>
                      <div
                        aria-disabled="false"
                        aria-label="Choose Saturday, February 15th, 2020"
                        aria-selected="false"
                        class="react-datepicker__day react-datepicker__day--015 react-datepicker__day--weekend"
                        role="option"
                        tabindex="-1"
                      >
                        15
                      </div>
                    </div>
                    <div
                      class="react-datepicker__week"
                    >
                      <div
                        aria-label="week  7"
                        class="react-datepicker__week-number"
                      >
                        7
                      </div>
                      <div
                        aria-disabled="false"
                        aria-label="Choose Sunday, February 16th, 2020"
                        aria-selected="false"
                        class="react-datepicker__day react-datepicker__day--016 react-datepicker__day--weekend"
                        role="option"
                        tabindex="-1"
                      >
                        16
                      </div>
                      <div
                        aria-disabled="false"
                        aria-label="Choose Monday, February 17th, 2020"
                        aria-selected="false"
                        class="react-datepicker__day react-datepicker__day--017"
                        role="option"
                        tabindex="-1"
                      >
                        17
                      </div>
                      <div
                        aria-disabled="false"
                        aria-label="Choose Tuesday, February 18th, 2020"
                        aria-selected="false"
                        class="react-datepicker__day react-datepicker__day--018"
                        role="option"
                        tabindex="-1"
                      >
                        18
                      </div>
                      <div
                        aria-disabled="false"
                        aria-label="Choose Wednesday, February 19th, 2020"
                        aria-selected="false"
                        class="react-datepicker__day react-datepicker__day--019"
                        role="option"
                        tabindex="-1"
                      >
                        19
                      </div>
                      <div
                        aria-disabled="false"
                        aria-label="Choose Thursday, February 20th, 2020"
                        aria-selected="false"
                        class="react-datepicker__day react-datepicker__day--020"
                        role="option"
                        tabindex="-1"
                      >
                        20
                      </div>
                      <div
                        aria-disabled="false"
                        aria-label="Choose Friday, February 21st, 2020"
                        aria-selected="false"
                        class="react-datepicker__day react-datepicker__day--021"
                        role="option"
                        tabindex="-1"
                      >
                        21
                      </div>
                      <div
                        aria-disabled="false"
                        aria-label="Choose Saturday, February 22nd, 2020"
                        aria-selected="false"
                        class="react-datepicker__day react-datepicker__day--022 react-datepicker__day--weekend"
                        role="option"
                        tabindex="-1"
                      >
                        22
                      </div>
                    </div>
                    <div
                      class="react-datepicker__week"
                    >
                      <div
                        aria-label="week  8"
                        class="react-datepicker__week-number"
                      >
                        8
                      </div>
                      <div
                        aria-disabled="false"
                        aria-label="Choose Sunday, February 23rd, 2020"
                        aria-selected="false"
                        class="react-datepicker__day react-datepicker__day--023 react-datepicker__day--weekend"
                        role="option"
                        tabindex="-1"
                      >
                        23
                      </div>
                      <div
                        aria-disabled="false"
                        aria-label="Choose Monday, February 24th, 2020"
                        aria-selected="false"
                        class="react-datepicker__day react-datepicker__day--024"
                        role="option"
                        tabindex="-1"
                      >
                        24
                      </div>
                      <div
                        aria-disabled="false"
                        aria-label="Choose Tuesday, February 25th, 2020"
                        aria-selected="false"
                        class="react-datepicker__day react-datepicker__day--025"
                        role="option"
                        tabindex="-1"
                      >
                        25
                      </div>
                      <div
                        aria-disabled="false"
                        aria-label="Choose Wednesday, February 26th, 2020"
                        aria-selected="false"
                        class="react-datepicker__day react-datepicker__day--026"
                        role="option"
                        tabindex="-1"
                      >
                        26
                      </div>
                      <div
                        aria-disabled="false"
                        aria-label="Choose Thursday, February 27th, 2020"
                        aria-selected="false"
                        class="react-datepicker__day react-datepicker__day--027"
                        role="option"
                        tabindex="-1"
                      >
                        27
                      </div>
                      <div
                        aria-disabled="false"
                        aria-label="Choose Friday, February 28th, 2020"
                        aria-selected="false"
                        class="react-datepicker__day react-datepicker__day--028"
                        role="option"
                        tabindex="-1"
                      >
                        28
                      </div>
                      <div
                        aria-disabled="false"
                        aria-label="Choose Saturday, February 29th, 2020"
                        aria-selected="false"
                        class="react-datepicker__day react-datepicker__day--029 react-datepicker__day--weekend"
                        role="option"
                        tabindex="-1"
                      >
                        29
                      </div>
                    </div>
                  </div>
                </div>
                <div
                  class="react-datepicker__input-time-container"
                >
                  <div
                    class="react-datepicker-time__caption"
                  >
                    Time
                  </div>
                  <div
                    class="react-datepicker-time__input-container"
                  >
                    <div
                      class="react-datepicker-time__input"
                    >
                      <input
                        class="react-datepicker-time__input"
                        name="time-input"
                        placeholder="Time"
                        required=""
                        type="time"
                        value="00:00"
                      />
                    </div>
                  </div>
                </div>
              </div>
            </div>
          </div>
          <div
            class="modal-footer"
          >
            <span
              class="button d-inline-block ms-1 secondary"
            >
              <button
                class="btn btn-secondary btn-md"
                type="button"
              >
                <div
                  class="d-flex justify-content-center align-items-center"
                >
                  <i
                    class="icon button-icon me-2 material-icons"
                  >
                    cancel
                  </i>
                  Cancel
                </div>
              </button>
            </span>
            <span
              class="button d-inline-block ms-1 primary"
            >
              <button
                class="btn btn-primary btn-md"
                type="submit"
              >
                <div
                  class="d-flex justify-content-center align-items-center"
                >
                  <i
                    class="icon button-icon me-2 material-icons"
                  >
                    save
                  </i>
                  Select
                </div>
              </button>
            </span>
          </div>
        </div>
      </div>
    </div>
    <div
      class="modal-backdrop fade"
    />
  </div>
</div>
`;
