// Jest Snapshot v1, https://goo.gl/fbAQLP

exports[`Component: Avatar ui default size: Component: Avatar => ui => default size 1`] = `
<span
  className="avatar red"
>
  <Tooltip
    content="A picture of a tomato"
    distance={7}
    placement="top"
  >
    <span
      className="img-placeholder"
    >
      <img
        alt="A picture of a tomato"
        src="http://lorempixel.com/200/200/"
      />
    </span>
    <h1>
      Children
    </h1>
  </Tooltip>
</span>
`;
