// Jest Snapshot v1, https://goo.gl/fbAQLP

exports[`Component: Checkbox ui default 1`] = `
<div>
  <div
    class="form-check"
  >
    <label
      class="form-check-label"
      for="1"
    >
      <input
        aria-invalid="true"
        aria-label="Agree"
        class="mr-2 is-invalid form-check-input"
        id="1"
        type="checkbox"
      />
    </label>
    Some error
  </div>
</div>
`;
