// Jest Snapshot v1, https://goo.gl/fbAQLP

exports[`Component: EpicPagination ui middle 1`] = `
<div>
  <div
    class="epic-pagination d-flex justify-content-center flex-wrap flex-sm-nowrap"
  >
    <nav
      aria-label="pagination"
      class=""
    >
      <ul
        class="pagination"
      >
        <li
          class="page-item"
        >
          <button
            class="page-link"
          >
            <i
              class="icon material-icons material-icons__filled center-icon"
            >
              first_page
            </i>
          </button>
        </li>
        <li
          class="page-item"
        >
          <button
            class="page-link"
          >
            <i
              class="icon material-icons material-icons__filled center-icon"
            >
              chevron_left
            </i>
          </button>
        </li>
        <li
          class="page-item"
        >
          <button
            class="page-link"
          >
            3
          </button>
        </li>
        <li
          class="page-item"
        >
          <button
            class="page-link"
          >
            4
          </button>
        </li>
        <li
          class="page-item active"
        >
          <button
            class="page-link"
          >
            5
          </button>
        </li>
        <li
          class="page-item"
        >
          <button
            class="page-link"
          >
            6
          </button>
        </li>
        <li
          class="page-item"
        >
          <button
            class="page-link"
          >
            7
          </button>
        </li>
        <li
          class="page-item"
        >
          <button
            class="page-link"
          >
            <i
              class="icon material-icons material-icons__filled center-icon"
            >
              chevron_right
            </i>
          </button>
        </li>
        <li
          class="page-item"
        >
          <button
            class="page-link"
          >
            <i
              class="icon material-icons material-icons__filled center-icon"
            >
              last_page
            </i>
          </button>
        </li>
      </ul>
    </nav>
    <div
      class="ms-3 pagination__total-elements"
    >
      <span>
        100 records found
      </span>
    </div>
  </div>
</div>
`;
