// Jest Snapshot v1, https://goo.gl/fbAQLP

exports[`Component: EpicSelection ui is checked 1`] = `
<div>
  <label
    class="d-flex align-items-center ps-2 py-1 my-n1 ms-n2 clickable h-auto form-label"
  >
    <input
      checked=""
      class="m-0 me-2 flex-shrink-0 flex-grow-0 d-inline-block position-static clickable form-check-input"
      type="checkbox"
    />
  </label>
</div>
`;
